// Jest Snapshot v1, https://goo.gl/fbAQLP

exports[`loads 500 top posts from the Reddit API 1`] = `
Array [
  Array [
    0,
    3,
    0,
    3,
    0,
    2,
    2,
    0,
    1,
    4,
    0,
    3,
    2,
    3,
    7,
    9,
    2,
    7,
    1,
    2,
    1,
    1,
    1,
    3,
  ],
  Array [
    2,
    1,
    0,
    1,
    3,
    1,
    5,
    3,
    4,
    4,
    1,
    2,
    5,
    0,
    6,
    12,
    6,
    6,
    4,
    2,
    5,
    3,
    3,
    2,
  ],
  Array [
    1,
    3,
    1,
    1,
    0,
    2,
    1,
    1,
    4,
    0,
    1,
    3,
    6,
    9,
    6,
    7,
    5,
    7,
    2,
    4,
    4,
    4,
    3,
    0,
  ],
  Array [
    1,
    2,
    2,
    0,
    3,
    1,
    3,
    1,
    3,
    4,
    2,
    4,
    5,
    5,
    7,
    5,
    4,
    5,
    1,
    4,
    3,
    3,
    3,
    3,
  ],
  Array [
    0,
    2,
    0,
    2,
    0,
    1,
    0,
    3,
    1,
    3,
    3,
    5,
    5,
    7,
    5,
    5,
    7,
    4,
    3,
    2,
    1,
    7,
    5,
    3,
  ],
  Array [
    2,
    2,
    3,
    3,
    0,
    2,
    1,
    2,
    0,
    1,
    3,
    4,
    4,
    4,
    4,
    6,
    4,
    4,
    1,
    4,
    7,
    3,
    2,
    2,
  ],
  Array [
    1,
    4,
    0,
    3,
    0,
    2,
    1,
    2,
    1,
    5,
    5,
    2,
    5,
    3,
    5,
    6,
    1,
    5,
    7,
    4,
    2,
    1,
    4,
    2,
  ],
]
`;
